login as: delamran
Pre-authentication banner message from server:
| Access to Brooklyn College computers is restricted to authorized users
|         and approved educational and research purposes, only.
End of banner message from server
delamran@146.245.252.28's password:
Last login: Wed Sep 23 17:10:39 2020 from ool-45700017.dyn.optonline.net
[delamran@sol28 ~]$ ls
example      MyCalendars   scriptForTop20song.sh  top20songs1.csv
imageFolder  myscript.exe  songs.csv              top20songs.csv
log          public_html   songsReport.csv
[delamran@sol28 ~]$ git help
usage: git [--version] [--help] [-c name=value]
           [--exec-path[=<path>]] [--html-path] [--man-path] [--info-path]
           [-p|--paginate|--no-pager] [--no-replace-objects] [--bare]
           [--git-dir=<path>] [--work-tree=<path>] [--namespace=<name>]
           <command> [<args>]

The most commonly used git commands are:
   add        Add file contents to the index
   bisect     Find by binary search the change that introduced a bug
   branch     List, create, or delete branches
   checkout   Checkout a branch or paths to the working tree
   clone      Clone a repository into a new directory
   commit     Record changes to the repository
   diff       Show changes between commits, commit and working tree, etc
   fetch      Download objects and refs from another repository
   grep       Print lines matching a pattern
   init       Create an empty Git repository or reinitialize an existing one
   log        Show commit logs
   merge      Join two or more development histories together
   mv         Move or rename a file, a directory, or a symlink
   pull       Fetch from and merge with another repository or a local branch
   push       Update remote refs along with associated objects
   rebase     Forward-port local commits to the updated upstream head
   reset      Reset current HEAD to the specified state
   rm         Remove files from the working tree and from the index
   show       Show various types of objects
   status     Show the working tree status
   tag        Create, list, delete or verify a tag object signed with GPG

'git help -a' and 'git help -g' lists available subcommands and some
concept guides. See 'git help <command>' or 'git help <concept>'
to read about a specific subcommand or concept.
[delamran@sol28 ~]$ q
bash: q: command not found...
[delamran@sol28 ~]$ ls
example      MyCalendars   scriptForTop20song.sh  top20songs1.csv
imageFolder  myscript.exe  songs.csv              top20songs.csv
log          public_html   songsReport.csv
[delamran@sol28 ~]$ cd example
[delamran@sol28 example]$ ls
HelloWorld.class  HelloWorld.java  myscript.sh
[delamran@sol28 example]$ vim HelloWorld.java
[delamran@sol28 example]$ ls
HelloWorld.class  HelloWorld.java  myscript.sh
[delamran@sol28 example]$ cd ..
[delamran@sol28 ~]$ ls
example      MyCalendars   scriptForTop20song.sh  top20songs1.csv
imageFolder  myscript.exe  songs.csv              top20songs.csv
log          public_html   songsReport.csv
[delamran@sol28 ~]$ git status
fatal: Not a git repository (or any parent up to mount point /users1)
Stopping at filesystem boundary (GIT_DISCOVERY_ACROSS_FILESYSTEM not set).
[delamran@sol28 ~]$ git init Repo1
Initialized empty Git repository in /users1/st/delamran/Repo1/.git/
[delamran@sol28 ~]$ cd Repo1
[delamran@sol28 Repo1]$ ld
ld: no input files
[delamran@sol28 Repo1]$ ls
[delamran@sol28 Repo1]$ ls -al
total 12
drwxr-xr-x.  3 delamran cis 4096 Oct  4 18:00 .
drwx--x--x. 13 delamran cis 4096 Oct  4 18:00 ..
drwxr-xr-x.  7 delamran cis 4096 Oct  4 18:00 .git
[delamran@sol28 Repo1]$ ls .
[delamran@sol28 Repo1]$ ls
[delamran@sol28 Repo1]$ cd ..
[delamran@sol28 ~]$ cd example
[delamran@sol28 example]$ ls
HelloWorld.class  HelloWorld.java  myscript.sh
[delamran@sol28 example]$ cp HelloWorld.java delamran/Repo1
cp: cannot create regular file ‘delamran/Repo1’: No such file or directory
[delamran@sol28 example]$ cp HelloWorld.java /delamran/Repo1/
cp: cannot create regular file ‘/delamran/Repo1/’: No such file or directory
[delamran@sol28 example]$ cp HelloWorld.java ..
[delamran@sol28 example]$ ls
HelloWorld.class  HelloWorld.java  myscript.sh
[delamran@sol28 example]$ cd ..
[delamran@sol28 ~]$ ls
example          MyCalendars   scriptForTop20song.sh  top20songs.csv
HelloWorld.java  myscript.exe  songs.csv
imageFolder      public_html   songsReport.csv
log              Repo1         top20songs1.csv
[delamran@sol28 ~]$ mv HelloWorld.java Repo1
[delamran@sol28 ~]$ ls
example      MyCalendars   Repo1                  songsReport.csv
imageFolder  myscript.exe  scriptForTop20song.sh  top20songs1.csv
log          public_html   songs.csv              top20songs.csv
[delamran@sol28 ~]$ cd Repo1
[delamran@sol28 Repo1]$ ls
HelloWorld.java
[delamran@sol28 Repo1]$ git add HelloWorld.java
[delamran@sol28 Repo1]$ vim HelloWorld.java
[delamran@sol28 Repo1]$ ls
HelloWorld.java
[delamran@sol28 Repo1]$ git commit -m "added todays date to hello world file"
[master (root-commit) 8a3ab5a] added todays date to hello world file
 1 file changed, 7 insertions(+)
 create mode 100755 HelloWorld.java
[delamran@sol28 Repo1]$ cd ..
[delamran@sol28 ~]$ ls
example      MyCalendars   Repo1                  songsReport.csv
imageFolder  myscript.exe  scriptForTop20song.sh  top20songs1.csv
log          public_html   songs.csv              top20songs.csv
[delamran@sol28 ~]$ ls
example      MyCalendars   Repo1                  songsReport.csv
imageFolder  myscript.exe  scriptForTop20song.sh  top20songs1.csv
log          public_html   songs.csv              top20songs.csv
[delamran@sol28 ~]$ git pull
fatal: Not a git repository (or any parent up to mount point /users1)
Stopping at filesystem boundary (GIT_DISCOVERY_ACROSS_FILESYSTEM not set).
[delamran@sol28 ~]$ git pull https://github.com/DanielElamrani/RepoMeta.git
fatal: Not a git repository (or any parent up to mount point /users1)
Stopping at filesystem boundary (GIT_DISCOVERY_ACROSS_FILESYSTEM not set).
[delamran@sol28 ~]$ mkdir RepoMeta
[delamran@sol28 ~]$ ls
example      myscript.exe  scriptForTop20song.sh  top20songs.csv
imageFolder  public_html   songs.csv
log          Repo1         songsReport.csv
MyCalendars  RepoMeta      top20songs1.csv
[delamran@sol28 ~]$ cd RepoMeta
[delamran@sol28 RepoMeta]$ ls
[delamran@sol28 RepoMeta]$ git pull https://github.com/DanielElamrani/RepoMeta.g                               it
fatal: Not a git repository (or any parent up to mount point /users1)
Stopping at filesystem boundary (GIT_DISCOVERY_ACROSS_FILESYSTEM not set).
[delamran@sol28 RepoMeta]$ ls
[delamran@sol28 RepoMeta]$ git init
Initialized empty Git repository in /users1/st/delamran/RepoMeta/.git/
[delamran@sol28 RepoMeta]$ git remote add origin https://github.com/DanielElamra                               ni/RepoMeta.git
[delamran@sol28 RepoMeta]$ remote -v
bash: remote: command not found...
[delamran@sol28 RepoMeta]$ git pull
remote: Enumerating objects: 3, done.
remote: Counting objects: 100% (3/3), done.
remote: Total 3 (delta 0), reused 0 (delta 0), pack-reused 0
Unpacking objects: 100% (3/3), done.
From https://github.com/DanielElamrani/RepoMeta
 * [new branch]      main       -> origin/main
There is no tracking information for the current branch.
Please specify which branch you want to merge with.
See git-pull(1) for details

    git pull <remote> <branch>

If you wish to set tracking information for this branch you can do so with:

    git branch --set-upstream-to=origin/<branch> master

[delamran@sol28 RepoMeta]$ ls
[delamran@sol28 RepoMeta]$ vim logForRepo1
[delamran@sol28 RepoMeta]$ ls
logForRepo1
[delamran@sol28 RepoMeta]$ git add .
[delamran@sol28 RepoMeta]$ git commit -m "pushing log for repo1 to RepoMeta"
[master (root-commit) 1bf68d6] pushing log for repo1 to RepoMeta
 1 file changed, 161 insertions(+)
 create mode 100644 logForRepo1
[delamran@sol28 RepoMeta]$ git push origin master
Username for 'https://github.com': danielelamrani@gmail.com
Password for 'https://danielelamrani@gmail.com@github.com':
Counting objects: 3, done.
Delta compression using up to 8 threads.
Compressing objects: 100% (2/2), done.
Writing objects: 100% (3/3), 2.27 KiB | 0 bytes/s, done.
Total 3 (delta 0), reused 0 (delta 0)
remote:
remote: Create a pull request for 'master' on GitHub by visiting:
remote:      https://github.com/DanielElamrani/RepoMeta/pull/new/master
remote:
To https://github.com/DanielElamrani/RepoMeta.git
 * [new branch]      master -> master
[delamran@sol28 RepoMeta]$ ls
logForRepo1
[delamran@sol28 RepoMeta]$ cd ..
[delamran@sol28 ~]$ ls
example      log          myscript.exe  Repo1     scriptForTop20song.sh  songsReport.csv  top20songs.csv
imageFolder  MyCalendars  public_html   RepoMeta  songs.csv              top20songs1.csv
[delamran@sol28 ~]$ ls
example      log          myscript.exe  Repo1     scriptForTop20song.sh  songsReport.csv  top20songs.csv
imageFolder  MyCalendars  public_html   RepoMeta  songs.csv              top20songs1.csv
[delamran@sol28 ~]$ svn list
svn: E155007: '/users1/st/delamran' is not a working copy
[delamran@sol28 ~]$ svn help
usage: svn <subcommand> [options] [args]
Subversion command-line client, version 1.7.14.
Type 'svn help <subcommand>' for help on a specific subcommand.
Type 'svn --version' to see the program version and RA modules
  or 'svn --version --quiet' to see just the version number.

Most subcommands take file and/or directory arguments, recursing
on the directories.  If no arguments are supplied to such a
command, it recurses on the current directory (inclusive) by default.

Available subcommands:
   add
   blame (praise, annotate, ann)
   cat
   changelist (cl)
   checkout (co)
   cleanup
   commit (ci)
   copy (cp)
   delete (del, remove, rm)
   diff (di)
   export
   help (?, h)
   import
   info
   list (ls)
   lock
   log
   merge
   mergeinfo
   mkdir
   move (mv, rename, ren)
   patch
   propdel (pdel, pd)
   propedit (pedit, pe)
   propget (pget, pg)
   proplist (plist, pl)
   propset (pset, ps)
   relocate
   resolve
   resolved
   revert
   status (stat, st)
   switch (sw)
   unlock
   update (up)
   upgrade

Subversion is a tool for version control.
For additional information, see http://subversion.apache.org/
[delamran@sol28 ~]$ ls
example      log          myscript.exe  Repo1     scriptForTop20song.sh  songsReport.csv  top20songs.csv
imageFolder  MyCalendars  public_html   RepoMeta  songs.csv              top20songs1.csv
[delamran@sol28 ~]$ mkdir Repo2
[delamran@sol28 ~]$ cd Repo2
[delamran@sol28 Repo2]$ svnadmin create .
[delamran@sol28 Repo2]$ svn co repository_link .
svn: E125002: 'repository_link' does not appear to be a URL
[delamran@sol28 Repo2]$ ls
conf  db  format  hooks  locks  README.txt
[delamran@sol28 Repo2]$ cd ..
[delamran@sol28 ~]$ cd example
[delamran@sol28 example]$ ls
HelloWorld.class  HelloWorld.java  myscript.sh
[delamran@sol28 example]$ cp HelloWorld.java ..
[delamran@sol28 example]$ cd ..
[delamran@sol28 ~]$ ls
example          log           public_html  RepoMeta               songsReport.csv
HelloWorld.java  MyCalendars   Repo1        scriptForTop20song.sh  top20songs1.csv
imageFolder      myscript.exe  Repo2        songs.csv              top20songs.csv
[delamran@sol28 ~]$ cd Repo2
[delamran@sol28 Repo2]$ svn co ../Repo2/
svn: E205000: Try 'svn help' for more info
svn: E205000: Error parsing arguments
[delamran@sol28 Repo2]$ readlink -f Repo2
/users1/st/delamran/Repo2/Repo2
[delamran@sol28 Repo2]$ svn co /users1/st/delamran/Repo2/
svn: E205000: Try 'svn help' for more info
svn: E205000: Error parsing arguments
[delamran@sol28 Repo2]$ svn co /users1/st/delamran/Repo2/Repo2/
svn: E205000: Try 'svn help' for more info
svn: E205000: Error parsing arguments
[delamran@sol28 Repo2]$ ls
conf  db  format  hooks  locks  README.txt
[delamran@sol28 Repo2]$ cd ..
[delamran@sol28 ~]$ ls
example          log           public_html  RepoMeta               songsReport.csv
HelloWorld.java  MyCalendars   Repo1        scriptForTop20song.sh  top20songs1.csv
imageFolder      myscript.exe  Repo2        songs.csv              top20songs.csv
[delamran@sol28 ~]$ cd Repo2
[delamran@sol28 Repo2]$ ls
conf  db  format  hooks  locks  README.txt
[delamran@sol28 Repo2]$ svn co /users1/st/delamran/Repo2/ls
svn: E205000: Try 'svn help' for more info
svn: E205000: Error parsing arguments
[delamran@sol28 Repo2]$ svn co https://github.com/DanielElamrani/RepoMeta.git
A    RepoMeta.git/branches
A    RepoMeta.git/branches/main
A    RepoMeta.git/branches/main/README.md
A    RepoMeta.git/trunk
A    RepoMeta.git/trunk/logForRepo1
Checked out revision 2.
[delamran@sol28 Repo2]$ mkdir trunk
[delamran@sol28 Repo2]$ cd trunk
[delamran@sol28 trunk]$ touch fileToChange.txt
[delamran@sol28 trunk]$ vim fileToChange.txt
[delamran@sol28 trunk]$ cd ..
[delamran@sol28 Repo2]$ svn add trunk
svn: E155007: '/users1/st/delamran/Repo2' is not a working copy
[delamran@sol28 Repo2]$ svn co https://github.com/DanielElamrani/RepoMeta.git .
A    branches
A    branches/main
A    branches/main/README.md
   C trunk
   A trunk/logForRepo1
Checked out revision 2.
[delamran@sol28 Repo2]$ mkdir trunk1
[delamran@sol28 Repo2]$ cd trunk1
[delamran@sol28 trunk1]$ touch fileToChangeTake2.txt
[delamran@sol28 trunk1]$ vim fileToChangeTake2.txt
[delamran@sol28 trunk1]$ cd ..
[delamran@sol28 Repo2]$ svn add trunk1
A         trunk1
A         trunk1/fileToChangeTake2.txt
[delamran@sol28 Repo2]$ svn commit
svn: E155015: Commit failed (details follow):
svn: E155015: Aborting commit: '/users1/st/delamran/Repo2/trunk' remains in conflict
[delamran@sol28 Repo2]$ rm trunk
rm: cannot remove ‘trunk’: Is a directory
[delamran@sol28 Repo2]$ mv trunk trunk23
[delamran@sol28 Repo2]$ commit
bash: commit: command not found...
[delamran@sol28 Repo2]$ svn commit
svn: E155015: Commit failed (details follow):
svn: E155015: Aborting commit: '/users1/st/delamran/Repo2/trunk' remains in conflict
[delamran@sol28 Repo2]$ ls
branches  conf  db  format  hooks  locks  README.txt  RepoMeta.git  trunk1  trunk23
[delamran@sol28 Repo2]$ svn: E155015: Aborting commit: '/users1/st/delamran/Repo2/trunk' remains in conflict
bash: svn:: command not found...
Similar command is: 'svn'
[delamran@sol28 Repo2]$ svn resolved /users1/st/delamran/Repo2/trunk
Resolved conflicted state of 'trunk'
[delamran@sol28 Repo2]$ svn commit
svn: E205007: Commit failed (details follow):
svn: E205007: Could not use external editor to fetch log message; consider setting the $SVN_EDITOR environment variable or using the --message (-m) or --file (-F) options
svn: E205007: None of the environment variables SVN_EDITOR, VISUAL or EDITOR are set, and no 'editor-cmd' run-time configuration option was found
[delamran@sol28 Repo2]$ mv trunk23 trunk
[delamran@sol28 Repo2]$ ls
branches  conf  db  format  hooks  locks  README.txt  RepoMeta.git  trunk  trunk1
[delamran@sol28 Repo2]$ commit
bash: commit: command not found...
[delamran@sol28 Repo2]$ svn commit
svn: E205007: Commit failed (details follow):
svn: E205007: Could not use external editor to fetch log message; consider setting the $SVN_EDITOR environment variable or using the --message (-m) or --file (-F) options
svn: E205007: None of the environment variables SVN_EDITOR, VISUAL or EDITOR are set, and no 'editor-cmd' run-time configuration option was found
[delamran@sol28 Repo2]$ svn commit -m "committing in svn"
Authentication realm: <https://github.com:443> GitHub
Password for 'delamran':
Authentication realm: <https://github.com:443> GitHub
Username: danielelamrani@gmail.com
Password for 'danielelamrani@gmail.com':

-----------------------------------------------------------------------
ATTENTION!  Your password for authentication realm:

   <https://github.com:443> GitHub

can only be stored to disk unencrypted!  You are advised to configure
your system so that Subversion can store passwords encrypted, if
possible.  See the documentation for details.

You can avoid future appearances of this warning by setting the value
of the 'store-plaintext-passwords' option to either 'yes' or 'no' in
'/users1/st/delamran/.subversion/servers'.
-----------------------------------------------------------------------
Store password unencrypted (yes/no)? no
Deleting       trunk
Committed revision 2.
[delamran@sol28 Repo2]$
